// Jest Snapshot v1, https://goo.gl/fbAQLP

exports[`TextInput.spec.js should match snapshot 1`] = `<div class="text-input-container"><input class="text-input"></div>`;
